CRITICAL - 2022-08-28 13:34:50 --> Namespace declaration statement has to be the very first statement or after any declare call in the script
in APPPATH/Database/Migrations/20220829003414_custom_migration003414.php on line 12.
 1 [internal function]: CodeIgniter\Debug\Exceptions->shutdownHandler()
CRITICAL - 2022-08-28 15:23:01 --> Namespace declaration statement has to be the very first statement or after any declare call in the script
in APPPATH/Database/Migrations/2022-08-29-022121_CustomMigrationJpifho.php on line 12.
 1 [internal function]: CodeIgniter\Debug\Exceptions->shutdownHandler()
CRITICAL - 2022-08-28 15:35:11 --> Namespace declaration statement has to be the very first statement or after any declare call in the script
in APPPATH/Database/Migrations/2022-08-29-023325_CustomMigration.php on line 12.
 1 [internal function]: CodeIgniter\Debug\Exceptions->shutdownHandler()
CRITICAL - 2022-08-28 15:36:53 --> Namespace declaration statement has to be the very first statement or after any declare call in the script
in APPPATH/Database/Migrations/2022-08-28-203537_CustomMigration.php on line 12.
 1 [internal function]: CodeIgniter\Debug\Exceptions->shutdownHandler()
CRITICAL - 2022-08-28 15:37:50 --> Namespace declaration statement has to be the very first statement or after any declare call in the script
in APPPATH/Database/Migrations/2022-08-28-203537_CustomMigration.php on line 12.
 1 [internal function]: CodeIgniter\Debug\Exceptions->shutdownHandler()
CRITICAL - 2022-08-28 15:38:17 --> Namespace declaration statement has to be the very first statement or after any declare call in the script
in APPPATH/Database/Migrations/2022-08-28-203537_CustomMigration.php on line 4.
 1 [internal function]: CodeIgniter\Debug\Exceptions->shutdownHandler()
CRITICAL - 2022-08-28 15:40:00 --> Namespace declaration statement has to be the very first statement or after any declare call in the script
in APPPATH/Database/Migrations/2022-08-28-203537_CustomMigration.php on line 4.
 1 [internal function]: CodeIgniter\Debug\Exceptions->shutdownHandler()
CRITICAL - 2022-08-28 15:43:22 --> Namespace declaration statement has to be the very first statement or after any declare call in the script
in APPPATH/Database/Migrations/2022-08-29-024215_CustomMigration.php on line 4.
 1 [internal function]: CodeIgniter\Debug\Exceptions->shutdownHandler()
CRITICAL - 2022-08-28 15:50:40 --> Namespace declaration statement has to be the very first statement or after any declare call in the script
in APPPATH/Database/Migrations/2022-08-29-024554_CustomMigration.php on line 4.
 1 [internal function]: CodeIgniter\Debug\Exceptions->shutdownHandler()
ERROR - 2022-08-28 15:51:20 --> mysqli_sql_exception: Unknown column 'class' in 'field list' in /Users/jerin/Sites/localhost/upwork/adtrustmedia/ci4/system/Database/MySQLi/Connection.php:292
Stack trace:
#0 /Users/jerin/Sites/localhost/upwork/adtrustmedia/ci4/system/Database/MySQLi/Connection.php(292): mysqli->query('INSERT INTO `mi...', 0)
#1 /Users/jerin/Sites/localhost/upwork/adtrustmedia/ci4/system/Database/BaseConnection.php(693): CodeIgniter\Database\MySQLi\Connection->execute('INSERT INTO `mi...')
#2 /Users/jerin/Sites/localhost/upwork/adtrustmedia/ci4/system/Database/BaseConnection.php(620): CodeIgniter\Database\BaseConnection->simpleQuery('INSERT INTO `mi...')
#3 /Users/jerin/Sites/localhost/upwork/adtrustmedia/ci4/system/Database/BaseBuilder.php(1916): CodeIgniter\Database\BaseConnection->query('INSERT INTO `mi...', Array, false)
#4 /Users/jerin/Sites/localhost/upwork/adtrustmedia/ci4/system/Database/MigrationRunner.php(600): CodeIgniter\Database\BaseBuilder->insert(Array)
#5 /Users/jerin/Sites/localhost/upwork/adtrustmedia/ci4/system/Database/MigrationRunner.php(194): CodeIgniter\Database\MigrationRunner->addHistory(Object(stdClass), 1)
#6 /Users/jerin/Sites/localhost/upwork/adtrustmedia/ci4/system/Commands/Database/Migrate.php(84): CodeIgniter\Database\MigrationRunner->latest(NULL)
#7 /Users/jerin/Sites/localhost/upwork/adtrustmedia/ci4/system/CLI/Commands.php(63): CodeIgniter\Commands\Database\Migrate->run(Array)
#8 /Users/jerin/Sites/localhost/upwork/adtrustmedia/ci4/system/CLI/CommandRunner.php(65): CodeIgniter\CLI\Commands->run('migrate', Array)
#9 /Users/jerin/Sites/localhost/upwork/adtrustmedia/ci4/system/CLI/CommandRunner.php(51): CodeIgniter\CLI\CommandRunner->index(Array)
#10 /Users/jerin/Sites/localhost/upwork/adtrustmedia/ci4/system/CodeIgniter.php(897): CodeIgniter\CLI\CommandRunner->_remap('index', Array)
#11 /Users/jerin/Sites/localhost/upwork/adtrustmedia/ci4/system/CodeIgniter.php(457): CodeIgniter\CodeIgniter->runController(Object(CodeIgniter\CLI\CommandRunner))
#12 /Users/jerin/Sites/localhost/upwork/adtrustmedia/ci4/system/CodeIgniter.php(336): CodeIgniter\CodeIgniter->handleRequest(NULL, Object(Config\Cache), false)
#13 /Users/jerin/Sites/localhost/upwork/adtrustmedia/ci4/system/CLI/Console.php(48): CodeIgniter\CodeIgniter->run()
#14 /Users/jerin/Sites/localhost/upwork/adtrustmedia/ci4/spark(98): CodeIgniter\CLI\Console->run()
#15 {main}
ERROR - 2022-08-28 15:58:02 --> mysqli_sql_exception: Unknown column 'class' in 'field list' in /Users/jerin/Sites/localhost/upwork/adtrustmedia/ci4/system/Database/MySQLi/Connection.php:292
Stack trace:
#0 /Users/jerin/Sites/localhost/upwork/adtrustmedia/ci4/system/Database/MySQLi/Connection.php(292): mysqli->query('INSERT INTO `mi...', 0)
#1 /Users/jerin/Sites/localhost/upwork/adtrustmedia/ci4/system/Database/BaseConnection.php(693): CodeIgniter\Database\MySQLi\Connection->execute('INSERT INTO `mi...')
#2 /Users/jerin/Sites/localhost/upwork/adtrustmedia/ci4/system/Database/BaseConnection.php(620): CodeIgniter\Database\BaseConnection->simpleQuery('INSERT INTO `mi...')
#3 /Users/jerin/Sites/localhost/upwork/adtrustmedia/ci4/system/Database/BaseBuilder.php(1916): CodeIgniter\Database\BaseConnection->query('INSERT INTO `mi...', Array, false)
#4 /Users/jerin/Sites/localhost/upwork/adtrustmedia/ci4/system/Database/MigrationRunner.php(600): CodeIgniter\Database\BaseBuilder->insert(Array)
#5 /Users/jerin/Sites/localhost/upwork/adtrustmedia/ci4/system/Database/MigrationRunner.php(194): CodeIgniter\Database\MigrationRunner->addHistory(Object(stdClass), 1)
#6 /Users/jerin/Sites/localhost/upwork/adtrustmedia/ci4/system/Commands/Database/Migrate.php(84): CodeIgniter\Database\MigrationRunner->latest(NULL)
#7 /Users/jerin/Sites/localhost/upwork/adtrustmedia/ci4/system/CLI/Commands.php(63): CodeIgniter\Commands\Database\Migrate->run(Array)
#8 /Users/jerin/Sites/localhost/upwork/adtrustmedia/ci4/system/CLI/CommandRunner.php(65): CodeIgniter\CLI\Commands->run('migrate', Array)
#9 /Users/jerin/Sites/localhost/upwork/adtrustmedia/ci4/system/CLI/CommandRunner.php(51): CodeIgniter\CLI\CommandRunner->index(Array)
#10 /Users/jerin/Sites/localhost/upwork/adtrustmedia/ci4/system/CodeIgniter.php(897): CodeIgniter\CLI\CommandRunner->_remap('index', Array)
#11 /Users/jerin/Sites/localhost/upwork/adtrustmedia/ci4/system/CodeIgniter.php(457): CodeIgniter\CodeIgniter->runController(Object(CodeIgniter\CLI\CommandRunner))
#12 /Users/jerin/Sites/localhost/upwork/adtrustmedia/ci4/system/CodeIgniter.php(336): CodeIgniter\CodeIgniter->handleRequest(NULL, Object(Config\Cache), false)
#13 /Users/jerin/Sites/localhost/upwork/adtrustmedia/ci4/system/CLI/Console.php(48): CodeIgniter\CodeIgniter->run()
#14 /Users/jerin/Sites/localhost/upwork/adtrustmedia/ci4/spark(98): CodeIgniter\CLI\Console->run()
#15 {main}
ERROR - 2022-08-28 16:04:12 --> mysqli_sql_exception: Unknown column 'class' in 'field list' in /Users/jerin/Sites/localhost/upwork/adtrustmedia/ci4/system/Database/MySQLi/Connection.php:292
Stack trace:
#0 /Users/jerin/Sites/localhost/upwork/adtrustmedia/ci4/system/Database/MySQLi/Connection.php(292): mysqli->query('INSERT INTO `mi...', 0)
#1 /Users/jerin/Sites/localhost/upwork/adtrustmedia/ci4/system/Database/BaseConnection.php(693): CodeIgniter\Database\MySQLi\Connection->execute('INSERT INTO `mi...')
#2 /Users/jerin/Sites/localhost/upwork/adtrustmedia/ci4/system/Database/BaseConnection.php(620): CodeIgniter\Database\BaseConnection->simpleQuery('INSERT INTO `mi...')
#3 /Users/jerin/Sites/localhost/upwork/adtrustmedia/ci4/system/Database/BaseBuilder.php(1916): CodeIgniter\Database\BaseConnection->query('INSERT INTO `mi...', Array, false)
#4 /Users/jerin/Sites/localhost/upwork/adtrustmedia/ci4/system/Database/MigrationRunner.php(600): CodeIgniter\Database\BaseBuilder->insert(Array)
#5 /Users/jerin/Sites/localhost/upwork/adtrustmedia/ci4/system/Database/MigrationRunner.php(194): CodeIgniter\Database\MigrationRunner->addHistory(Object(stdClass), 1)
#6 /Users/jerin/Sites/localhost/upwork/adtrustmedia/ci4/system/Commands/Database/Migrate.php(84): CodeIgniter\Database\MigrationRunner->latest(NULL)
#7 /Users/jerin/Sites/localhost/upwork/adtrustmedia/ci4/system/CLI/Commands.php(63): CodeIgniter\Commands\Database\Migrate->run(Array)
#8 /Users/jerin/Sites/localhost/upwork/adtrustmedia/ci4/system/CLI/CommandRunner.php(65): CodeIgniter\CLI\Commands->run('migrate', Array)
#9 /Users/jerin/Sites/localhost/upwork/adtrustmedia/ci4/system/CLI/CommandRunner.php(51): CodeIgniter\CLI\CommandRunner->index(Array)
#10 /Users/jerin/Sites/localhost/upwork/adtrustmedia/ci4/system/CodeIgniter.php(897): CodeIgniter\CLI\CommandRunner->_remap('index', Array)
#11 /Users/jerin/Sites/localhost/upwork/adtrustmedia/ci4/system/CodeIgniter.php(457): CodeIgniter\CodeIgniter->runController(Object(CodeIgniter\CLI\CommandRunner))
#12 /Users/jerin/Sites/localhost/upwork/adtrustmedia/ci4/system/CodeIgniter.php(336): CodeIgniter\CodeIgniter->handleRequest(NULL, Object(Config\Cache), false)
#13 /Users/jerin/Sites/localhost/upwork/adtrustmedia/ci4/system/CLI/Console.php(48): CodeIgniter\CodeIgniter->run()
#14 /Users/jerin/Sites/localhost/upwork/adtrustmedia/ci4/spark(98): CodeIgniter\CLI\Console->run()
#15 {main}
ERROR - 2022-08-28 16:14:21 --> mysqli_sql_exception: Unknown column 'class' in 'field list' in /Users/jerin/Sites/localhost/upwork/adtrustmedia/ci4/system/Database/MySQLi/Connection.php:292
Stack trace:
#0 /Users/jerin/Sites/localhost/upwork/adtrustmedia/ci4/system/Database/MySQLi/Connection.php(292): mysqli->query('INSERT INTO `mi...', 0)
#1 /Users/jerin/Sites/localhost/upwork/adtrustmedia/ci4/system/Database/BaseConnection.php(693): CodeIgniter\Database\MySQLi\Connection->execute('INSERT INTO `mi...')
#2 /Users/jerin/Sites/localhost/upwork/adtrustmedia/ci4/system/Database/BaseConnection.php(620): CodeIgniter\Database\BaseConnection->simpleQuery('INSERT INTO `mi...')
#3 /Users/jerin/Sites/localhost/upwork/adtrustmedia/ci4/system/Database/BaseBuilder.php(1916): CodeIgniter\Database\BaseConnection->query('INSERT INTO `mi...', Array, false)
#4 /Users/jerin/Sites/localhost/upwork/adtrustmedia/ci4/system/Database/MigrationRunner.php(600): CodeIgniter\Database\BaseBuilder->insert(Array)
#5 /Users/jerin/Sites/localhost/upwork/adtrustmedia/ci4/system/Database/MigrationRunner.php(194): CodeIgniter\Database\MigrationRunner->addHistory(Object(stdClass), 1)
#6 /Users/jerin/Sites/localhost/upwork/adtrustmedia/ci4/system/Commands/Database/Migrate.php(84): CodeIgniter\Database\MigrationRunner->latest(NULL)
#7 /Users/jerin/Sites/localhost/upwork/adtrustmedia/ci4/system/CLI/Commands.php(63): CodeIgniter\Commands\Database\Migrate->run(Array)
#8 /Users/jerin/Sites/localhost/upwork/adtrustmedia/ci4/system/CLI/CommandRunner.php(65): CodeIgniter\CLI\Commands->run('migrate', Array)
#9 /Users/jerin/Sites/localhost/upwork/adtrustmedia/ci4/system/CLI/CommandRunner.php(51): CodeIgniter\CLI\CommandRunner->index(Array)
#10 /Users/jerin/Sites/localhost/upwork/adtrustmedia/ci4/system/CodeIgniter.php(897): CodeIgniter\CLI\CommandRunner->_remap('index', Array)
#11 /Users/jerin/Sites/localhost/upwork/adtrustmedia/ci4/system/CodeIgniter.php(457): CodeIgniter\CodeIgniter->runController(Object(CodeIgniter\CLI\CommandRunner))
#12 /Users/jerin/Sites/localhost/upwork/adtrustmedia/ci4/system/CodeIgniter.php(336): CodeIgniter\CodeIgniter->handleRequest(NULL, Object(Config\Cache), false)
#13 /Users/jerin/Sites/localhost/upwork/adtrustmedia/ci4/system/CLI/Console.php(48): CodeIgniter\CodeIgniter->run()
#14 /Users/jerin/Sites/localhost/upwork/adtrustmedia/ci4/spark(98): CodeIgniter\CLI\Console->run()
#15 {main}
